[web/index.html]
[web/index-2.html]
[web/index-5.html]
[web/index-3.html]
[web/index-7.html]
[web/index-8.html]
[web/index-9.html]
[backblue.gif]
[fade.gif]
[index.html]
[web/index-4.html]
[web/index-6.html]
[web/index-10.html]
[web/css/3c873561376b42cd2aea3ec5c20ea2e4.css]
[web/png/5735b29d9268ffd1d14a0486aa4d87e6_cover-1.png]
[web/css/font-awesomec225.css]
[web/css/printc225.css]
[web/png/youtube.png]
[web/js/jquery4a5f.js]
[web/png/cropped-logo-min-blue-1-32x32.png]
[web/png/cropped-logo-min-blue-1-192x192.png]
[web/png/cropped-logo-min-blue-1-180x180.png]
[web/jpg/nhuy-hoa-nghe-tay-20191225043706.jpg]
[web/jpg/bac-si-khuyen-dung-nhuy-hoa-nghe-tay-dieu-tri-mat-ngu-20191217034010.jpg]
[web/png/bac-si-khuyen-dung-saffron-ho-tro-dieu-tri-mat-ngu-2-20191217034154.png]
[web/png/hop-chat-crocin-va-safranal-20191212064108.png]
[web/png/hoa-saffron-remove-background-1.png]
[web/png/saffron-salam-remove-background.png]
[web/png/tra-nhuy-hoa-nghe-tay-saffron-png-20191009112833.png]
[web/png/bac-si-khuyen-dung-saffron-lat-final.png]
[web/js/lazyload.min.js]
[web/index.html]
[web/js/333d4634572ad0e12fadb87f7c9b5be3.js]
[web/css/19efd6f78250b73380d76c82b2317b2d.css]
[web/png/380c6b794fe0a557e79c9c08dd3a6c80_cover-1.png]
[web/png/thiết-kế-không-tên-3-4.png]
[web/png/facebook-2.png]
[web/png/zalo-icon-1.png]
[web/png/bản-sao-của-neutral-minimalist-home-decor-interior-facebook-cover.png]
[web/png/bản-sao-của-bản-sao-của-neutral-minimalist-home-decor-interior-facebook-cover.png]
[web/jpg/z2620873238499_ebe1d0e7925f6a42241ad4fd64ec6ff5.jpg]
[web/jpg/nhung-thoi-quen-xau-gay-ra-mo-bung-thua-can-o-phu-nu-8a649f05.jpg]
[web/jpg/luong-calo-giam-can-trong-1-ngay7-1.jpg]
[web/jpg/photo-1-15692481709951738266906-1.jpg]
[web/png/thiết-kế-không-tên-8-3.png]
[web/png/thiết-kế-không-tên-5-1.png]
[web/jpg/nam-linh-chi-vang-vang-hay-do-tot-hon-1.jpg]
[web/jpg/khoaisam1.jpg]
[web/jpg/nhan-sam-tot-cho-suc-khoe.jpg]
[web/jpg/bột-nghệ.jpg]
[web/jpg/cay-che-vang-1.jpg]
[web/jpg/feedback-giam-can-cenly-chau-khai-phong.jpg]
[web/jpg/tải-xuống-49.jpg]
[web/jpg/post-app-1214-feedback-giam-can-cenly-sam.jpg]
[web/png/stopwatch-1.png]
[web/png/customer-service.png]
[web/png/pngtree-gold-competition-award-prize-vector-icon-png-image_4844550-removebg-preview.png]
[web/png/money-bag.png]
[web/png/avada_classic_logo_2x-2-20201113082338.png]
[web/png/dky-bo-cong-thuong.png]
[web/png/zalo.png]
[web/png/1-42.png]
[web/png/3-13.png]
[web/index-2.html]
[web/js/cd9b364a57fb10d230b284d03952da9c.js]
[web/jpg/dong-trung-ha-thao-ogafa-qua-the-5.jpg]
[web/css/8949bd9726df47b568304f47b0b6e951.css]
[web/jpg/dong-trung-ha-thao-ogafa-qua-the-6.jpg]
[web/jpg/dong-trung-ha-thao-nguyen-con-9.jpg]
[web/jpg/dong-trung-ha-thao-ky-chu-tam-ogafa-1.jpg]
[web/jpg/dong-trung-ha-thao-ky-chu-tam-4.jpg]
[web/jpg/suy-nhuoc-co-the-1.jpg]
[web/jpg/than-yeu.jpg]
[web/jpg/yeu-sinh-ly-nam.jpg]
[web/jpg/cac-benh-phoi.jpg]
[web/jpg/tang-huyet-ap-va-benh-tim-mach-o-nguoi-cao-tuoi.jpg]
[web/jpg/benh-ung-thu.jpg]
[web/jpg/271f3a3c05aecbf092bf-scaled.jpg]
[web/jpg/4bc365925a00945ecd11.jpg]
[web/jpg/4085c5c8fa5a34046d4b.jpg]
[web/jpg/596aa1ac993e57600e2f.jpg]
[web/png/dai-truyen-hinh-vtv2.png]
[web/jpg/947b2867fb12324c6b03.jpg]
[web/jpg/65714e1f9d6a54340d7b.jpg]
[web/jpg/04fc3ab9e9cc209279dd.jpg]
[web/jpg/5146f13f224aeb14b25b.jpg]
[web/jpg/140877076_101913311912196_56338870412454350_n.jpg]
[web/jpg/74205793_687277465129416_2777663927096442880_n.jpg]
[web/jpg/3_1560851323.jpg]
[web/jpg/dong-trung-ha-thao-qua-the-8-1.jpg]
[web/jpg/434992f37e9189cfd080.jpg]
[web/jpg/46521082_10213603964715322_6527494208448626688_n.jpg]
[web/jpg/34321022_2169647803317047_7650128230749306880_n.jpg]
[web/jpg/d2ec368a0e76fa28a367.jpg]
[web/gif/typing-animation-3x-20190902093018-20200106170119.gif]
[web/index-3.html]
[web/js/fbf41c01b9a32a89123a94fabdb81cbb.js]
[web/png/mau-landing-page-suc-khoe.png]
[web/css/fdc30164af3ca04a6a873563c6813a91.css]
[web/png/logo-simple-page-1-08-1.png]
[web/png/logo-simple-page-08.png]
[web/png/dietary-supplement-whey-protein-illustration-sesame-oil-bottles-affixed-vector-ed84af16646959a441be1cfde66db777.png]
[web/jpg/giay-chung-nhan.jpg]
[web/jpg/hinh-anh-san-pham-2-1.jpg]
[web/jpg/hinh-anh-san-pham-3.jpg]
[web/jpg/hinh-anh-san-pham-4-2.jpg]
[web/jpg/hinh-anh-san-pham-5-2.jpg]
[web/jpg/danh-gia-khach-hang-1.jpg]
[web/jpg/danh-gia-khach-hang-2.jpg]
[web/jpg/danh-gia-khach-hang-3.jpg]
[web/jpg/danh-gia-khach-hang-4.jpg]
[web/jpg/danh-gia-khach-hang-5.jpg]
[web/jpg/danh-gia-khach-hang-6.jpg]
[web/jpg/z2367974433089_010fe14411b4e3b176476f551ae3300c.jpg]
[web/jpg/z2367974453974_aaba39d6ca7a57d82dbeb9fa4afeb72b.jpg]
[web/jpg/z2367974463298_57708eda7477193063a289053e8acd37.jpg]
[web/jpg/z2367974466097_884cabe6db21f5346025475d6ed917de.jpg]
[web/jpg/z2367974473944_46f062493c8aba7e33a55271dcc67ce3.jpg]
[web/jpg/z2367974476174_99623318f5083f0a506e8b43b126cc9b.jpg]
[web/jpg/doi-tac-5.jpg]
[web/jpg/doi-tac-11.jpg]
[web/png/logo-simple-page-1-08.png]
[web/index-4.html]
[web/css/187a23feffbf1156c783518bbf597c7d.css]
[web/js/6b15d383e50d20b1d6c8185b77dee136.js]
[web/png/4e8af7489952b521db9abdf071035155_cover-1.png]
[web/png/logohappy.png]
[web/png/nguoi-mau.png]
[web/png/phoneicon.png]
[web/png/nhe_1482-removebg.png]
[web/jpg/agdfg.jpg]
[web/png/gum-trees-euclidean-vector-leaf-flower-watercolor-green-leaves-a8d9ea566c25c47ad83b943769853969.png]
[web/jpg/unnamed-1-9.jpg]
[web/jpg/16-12.jpg]
[web/jpg/unnamed-2-6.jpg]
[web/jpg/kiem-tra-do-am-da-nhu-the-nao.jpg]
[web/jpg/sắc-tố-melanin-1.jpg]
[web/jpg/bi-quyet-so-huu-lan-da-trang-min.jpg]
[web/jpg/1_1.jpg]
[web/jpg/nhe_1664-2.jpg]
[web/jpg/mat-ong2.jpg]
[web/png/thông-đỏ.png]
[web/jpg/nhan-sam-tuoi-han-quoc-6-nam-tuoi-loai-3-cu-1kg.jpg]
[web/jpg/nhe_1635-1.jpg]
[web/jpg/z2567435744072_d7103848a480d7caa54f72e324c73d13-1.jpg]
[web/jpg/z2567435985945_87d78afbecefa2fa1b3ec7d0154e9a5e-1.jpg]
[web/jpg/z2567436007713_f1dc1e0344b7f9b6f23c757a5c14c912-1.jpg]
[web/jpg/z2569410266101_b2bb9819044d9d7a46cc978a838a5581-1.jpg]
[web/png/123213-1.png]
[web/jpg/154953921_2588395264801092_8702562433410268764_n-1.jpg]
[web/jpg/z2569410273871_5a2d3a5da0f0c9adcd68936add4954e0.jpg]
[web/jpg/z2567435698391_62b94386719ab9cbd0d9a5220cb64282-2.jpg]
[web/jpg/z2569410284088_686c29ed7fa63935b7a859581e2bc2cd-1.jpg]
[web/png/screenshot_10.png]
[web/png/nhe_1574-removebg1.png]
[web/jpg/img_8690.jpg]
[web/jpg/img_8683-2.jpg]
[web/jpg/img_8684-2.jpg]
[web/jpg/img_8685-2.jpg]
[web/jpg/img_8686-2.jpg]
[web/jpg/img_8687-2.jpg]
[web/jpg/img_8688-2.jpg]
[web/jpg/img_8689-2.jpg]
[web/png/2-19.png]
[web/png/3-14.png]
[web/png/4-13.png]
[web/png/5-9.png]
[web/png/nhÀ-thuỐc1.png]
[web/jpg/z2536489008657_fa578756ec7588a8c6fadb5312440155.jpg]
[web/jpg/img_8942.jpg]
[web/jpg/img_8943.jpg]
[web/jpg/nhe_saoooo1651.jpg]
[web/jpg/9302ca4618a21c7084fdba3f6bd3372c.jpg]
[web/jpg/da38ffbf348193e2fe0b281408c5d6c4.jpg]
[web/png/white-people-caucasian-race-asian-people-love-woman-others-874b25624a7389a130eea20471ad4baf.png]
[web/png/lazada-icon.png]
[web/png/shopee-1-1.png]
[web/png/tiki-icon.png]
[web/png/register.png]
[web/png/zalo-icon.png]
[web/js/fbevents.js]
[web/index-5.html]
[web/js/9dd77298c8039d94f1a039fdbd28ec2b.js]
[web/png/mau-landingpage-dong-y.png]
[web/css/64264a2ca794fd6374ecb7f96cc78dda.css]
[web/png/logo-1-1.png]
[web/png/hoa-da.png]
[web/png/san-pham-ha-huyet.png]
[web/jpg/nguyen-nhan-gay-dau-dau-1.jpg]
[web/jpg/unnamed-2.jpg]
[web/jpg/20200408_mat-ngu-1.jpg]
[web/png/san-pham-ha-huyet-1.png]
[web/png/san-pham-ha-huyet-1-1.png]
[web/png/san-pham-ha-huyet-1-2.png]
[web/png/san-pham-ha-huyet-1-3.png]
[web/png/woman-150x150-2.png]
[web/png/man-150x150-2.png]
[web/png/san-pham-ha-huyet-1-4.png]
[web/index-6.html]
[web/js/f3e579ae3171c77bba1c185667fdd307.js]
[web/css/93632e4970776d8ee2af7fa72118f4a7.css]
[web/png/mau-lp-dong-y-2.png]
[web/png/cam-káº¾t-2.png]
[web/png/phong-benh-gout-tai-phat.png]
[web/png/nguyen-nhan.png]
[web/jpg/unnamed-20.jpg]
[web/jpg/gout.jpg]
[web/jpg/391man231209a1.jpg]
[web/jpg/vien-sui-nano-fast_songvuikhoe.vn_-696x563-1.jpg]
[web/png/bo-cong-thuong-1.png]
[web/jpg/cau-truc-cua-nano.jpg]
[web/jpg/vien-sui-nano-fast_songvuikhoe.vn_-696x563-2.jpg]
[web/png/chung-nhan-cua-bo-y-te-1484538464.png]
[web/index-7.html]
[web/js/3a75f68ecccea1c7027b9a8b08284bfe.js]
[web/css/eb325cf8826038e4d0867057aa1c6feb.css]
[web/png/screenshot_180.png]
[web/png/logo-remove.png]
[web/png/lotion-milk-exfoliation-wax-hand-honey-8ab1a146a4b5a4f94b353a1122e5b3f6-1.png]
[web/png/plant-milk-turmeric-food-golden-milk-milk-ba2187ef56ed298eb47861a62ac74b4f-1.png]
[web/png/4-4.png]
[web/png/ttqkbrrehdm280ip5o20k9s786.png]
[web/jpg/forget-me-not-hoverfly-fly-flower-60579-158349876226322051052.jpg]
[web/jpg/nature-branch-blossom-plant-photography-flower-621155-pxhere.com_-1024x639-1.jpg]
[web/jpg/mat-ong-ngon-15923817101221729666388-1592553416692-1592553417450479850102.jpg]
[web/png/sam-mat-ong.png]
[web/jpg/ong-tho-di-hut-mat-dnh.jpg]
[web/jpg/hoadao9.jpg]
[web/png/ttqkbrrehdm280ip5o20k9s786-1.png]
[web/png/acsh54vhejiakf21f50qjpg0qj-2.png]
[web/png/s.png]
[web/png/ttqkbrrehdm280ip5o20k9s786-3.png]
[web/png/acsh54vhejiakf21f50qjpg0qj-3.png]
[web/png/turmeric-golden-milk-indian-cuisine-curcumin-turmeric-5617f3482270f6eb4230d417eae40a4a.png]
[web/index-8.html]
[web/js/67af7d402f3de74905d415e7680a2f5c.js]
[web/png/screenshot_63.png]
[web/css/598184f00ea90defdbff3d7479407863.css]
[web/jpg/1-49.jpg]
[web/jpg/12-11.jpg]
[web/jpg/13-10.jpg]
[web/jpg/14-6.jpg]
[web/jpg/15-7.jpg]
[web/jpg/16.jpg]
[web/jpg/2-45.jpg]
[web/jpg/3-35.jpg]
[web/jpg/4-28.jpg]
[web/jpg/5-23.jpg]
[web/jpg/6-14.jpg]
[web/jpg/7-17.jpg]
[web/jpg/8-11.jpg]
[web/jpg/9-13.jpg]
[web/jpg/10-15.jpg]
[web/jpg/10c9e8754b48baaf2171bb60d1186216.jpg]
[web/png/df-20191029092328.png]
[web/jpg/118791887_140387567751510_918686128500460442_n.jpg]
[web/jpg/38c3d90a613924ee273c2665f1b34b9b-1.jpg]
[web/jpg/44d360d1429f372f830d7aceae840c47.jpg]
[web/jpg/e8eec618eb4427e3addaa824d896349f.jpg]
[web/jpg/f03e988c4cfa1e63a2e820a619e51051.jpg]
[web/jpg/118791887_140387567751510_918686128500460442_n-3.jpg]
[web/index-9.html]
[web/js/0c743cafb64ce91cae1739502601d660.js]
[web/css/080057d1f6b9f732af26b0d3717bde68.css]
[web/png/máº«u-landing-page-má»¹-pháº©m-10.png]
[web/png/logo-vyvy-png-1.png]
[web/png/sp-2-3.png]
[web/jpg/cover-hero-5.jpg]
[web/jpg/vuong-1.jpg]
[web/jpg/img_3068.jpg]
[web/jpg/img_3059.jpg]
[web/jpg/cover-hero-5-1.jpg]
[web/png/icon-1-1.png]
[web/png/icon-2-1.png]
[web/png/icon-3-1.png]
[web/png/icon-4.png]
[web/png/sp-2-4.png]
[web/png/logo-vyvy-png.png]
[web/index-10.html]
[web/png/dummy-map.png]
[web/js/0f1ad582946c46dc6d4210f0b7298a1e.js]
[web/png/banner-page-nhuy-hoa-nghe-tay-20191007050925.png]
[web/css/3c873561376b42cd2aea3ec5c20ea2e4.css]
[web/css/font-awesomec225.css]
[web/css/printc225.css]
[web/png/thiết-kế-không-tên-6-1-1.png]
[web/css/19efd6f78250b73380d76c82b2317b2d.css]
[web/jpg/5fda12732de1e3bfbaf0-scaled.jpg]
[web/css/8949bd9726df47b568304f47b0b6e951.css]
[web/jpg/banner-bg.jpg]
[web/css/fdc30164af3ca04a6a873563c6813a91.css]
[web/png/thiết-kế-không-tên-11-4.png]
[web/css/187a23feffbf1156c783518bbf597c7d.css]
[web/png/b.png]
[web/js/fbevents.js]
[web/jpg/ná»n.jpg]
[web/css/64264a2ca794fd6374ecb7f96cc78dda.css]
[web/jpg/unnamed-2-2.jpg]
[web/css/93632e4970776d8ee2af7fa72118f4a7.css]
[web/cam-káº¾t-2.html]
[web/png/lawn-grass-meadow-grass-background-141a708452c38a42aea5ebc6c58b6bf7.png]
[web/css/eb325cf8826038e4d0867057aa1c6feb.css]
[web/css/598184f00ea90defdbff3d7479407863.css]
[web/png/cover-11-1.png]
[web/css/080057d1f6b9f732af26b0d3717bde68.css]
[web/máº«u-landing-page-má»¹-pháº©m-10.html]
[web/ná»n.html]
[web/png/post.png]
