[web/index.html]
[backblue.gif]
[fade.gif]
[index.html]
[web/css/03c273fe7acb7122a15afe00d90f7a44.css]
[web/png/b3b193c18419ac7e06f99791bfd3be67_cover-1.png]
[web/css/font-awesomec225.css]
[web/css/printc225.css]
[web/png/youtube.png]
[web/js/jquery4a5f.js]
[web/png/cropped-logo-min-blue-1-32x32.png]
[web/png/cropped-logo-min-blue-1-192x192.png]
[web/png/cropped-logo-min-blue-1-180x180.png]
[web/png/logo-1-1-min.png]
[web/png/facebook-2.png]
[web/png/youtube-1.png]
[web/png/tuyỂn-ĐẠi-lÝ-ctv-online-1.png]
[web/png/test-college-student-school-higher-education-student-d3c2cc9fdca512773535e16f6b336ca9.png]
[web/png/vitruvian-man-job-fair-clip-art-work-done-db77c3effa611bf38f0d02f75405153b.png]
[web/png/customer-service-technical-support-email-animation-people-icon-7c6ef0776100993c5bd114ebd90bd8d3.png]
[web/png/đa-phương-tiên.png]
[web/png/cartoon-computer-royalty-free-clip-art-work-man-computer-cartoon-poster-promotional-material-cd2e0537f6ec1afa699406b4f4eb409a.png]
[web/png/shift-work-computer-icons-home-screen-schedule-fredericksburg-christian-school-others-da5795fef2f6e801107585531005ee4c.png]
[web/png/percentage-compound-interest-bank-creative-stereoscopic-3d-percent-sign-dice-29542dddf8f92a0d2a6a8c10263b533a.png]
[web/png/gold-coin-money-banknote-united-states-dollar-coin-stack-54280e6760569e5fd6587176d174651c.png]
[web/png/social-media-social-network-photography-clip-art-networking-05ee4f8a13a98ae42026017094f6c91b.png]
[web/png/goods-inventory-purchasing-management-business-8f2d2bc29a709e3ac6140d9ffe01132a.png]
[web/png/123-1.png]
[web/jpg/co-nen-tao-website-ban-hang.jpg]
[web/png/dky-bo-cong-thuong.png]
[web/png/zalo.png]
[web/js/lazyload.min.js]
[web/index.html]
[web/js/7f1043279b2c7bd3518e184af4f18adc.js]
[web/png/dummy-map.png]
[web/jpg/9822_gach_men_gach_granite_dong_tam_428.jpg]
[web/css/03c273fe7acb7122a15afe00d90f7a44.css]
[web/css/font-awesomec225.css]
[web/css/printc225.css]
